[orteil.dashnet.org/cookieclicker/index.html]
[backblue.gif]
[fade.gif]
[index.html]
[orteil.dashnet.org/cookieclicker/img/favicon.ico]
[orteil.dashnet.org/cookieclicker/base64.js]
[orteil.dashnet.org/cookieclicker/stylec164.css]
[orteil.dashnet.org/cookieclicker/mainb6f5.js]
[orteil.dashnet.org/cookieclicker/showads.js]
[orteil.dashnet.org/cookieclicker/img/discord.png]
[orteil.dashnet.org/cookieclicker/img/weeHoodie.png]
[orteil.dashnet.org/cookieclicker/img/patreon.png]
[orteil.dashnet.org/cookieclicker/img/heraldFlag.png]
[orteil.dashnet.org/cookieclicker/img/tinyglobeSheet.gif]
[orteil.dashnet.org/cookieclicker/beta/index.html]
[orteil.dashnet.org/cookieclicker/snd/tickOff.mp3]
[orteil.dashnet.org/cookieclicker/v10466/index.html]
[orteil.dashnet.org/cookieclicker/playsaurusbanner1.png]
[orteil.dashnet.org/cookieclicker/playsaurusbanner2.png]
[orteil.dashnet.org/cookieclicker/playsaurusbanner3.png]
[orteil.dashnet.org/cookieclicker/img/AQWorlds_CookieClicker_300x40.png]
[orteil.dashnet.org/cookieclicker/index.html]
[orteil.dashnet.org/cookieclicker/img/darkNoise.jpg]
[orteil.dashnet.org/cookieclicker/img/darkNoiseTopBar.jpg]
[orteil.dashnet.org/cookieclicker/img/shadedBorders.png]
[orteil.dashnet.org/cookieclicker/img/spinnyBig.png]
[orteil.dashnet.org/cookieclicker/img/spinnySmall.png]
[orteil.dashnet.org/cookieclicker/img/tinyglobe.gif]
[orteil.dashnet.org/cookieclicker/img/blackGradient.png]
[orteil.dashnet.org/cookieclicker/img/shadedBordersSoft.png]
[orteil.dashnet.org/cookieclicker/img/frameBorder.png]
[orteil.dashnet.org/cookieclicker/img/money.png]
[orteil.dashnet.org/cookieclicker/img/heavenlyMoney.png]
[orteil.dashnet.org/cookieclicker/img/sugarLump.png]
[orteil.dashnet.org/cookieclicker/img/empty.png]
[orteil.dashnet.org/cookieclicker/img/imperfectCookie.png]
[orteil.dashnet.org/cookieclicker/img/cursor.png]
[orteil.dashnet.org/cookieclicker/img/smallCookies.png]
[orteil.dashnet.org/cookieclicker/img/panelVertical5e1f.png]
[orteil.dashnet.org/cookieclicker/img/panelGradientTop.png]
[orteil.dashnet.org/cookieclicker/img/panelGradientBottom.png]
[orteil.dashnet.org/cookieclicker/img/panelHorizontal5e1f.png]
[orteil.dashnet.org/cookieclicker/img/panelGradientLeft.png]
[orteil.dashnet.org/cookieclicker/img/panelGradientRight.png]
[orteil.dashnet.org/cookieclicker/img/panelMenu3.png]
[orteil.dashnet.org/cookieclicker/img/pointGlow.gif]
[orteil.dashnet.org/cookieclicker/img/roundedPanelBGS.png]
[orteil.dashnet.org/cookieclicker/img/bracketPanelLeftS.png]
[orteil.dashnet.org/cookieclicker/img/bracketPanelRightS.png]
[orteil.dashnet.org/cookieclicker/img/prestigeBar.jpg]
[orteil.dashnet.org/cookieclicker/img/prestigeBarCap.png]
[orteil.dashnet.org/cookieclicker/img/mapBG.jpg]
[orteil.dashnet.org/cookieclicker/img/infoBG.png]
[orteil.dashnet.org/cookieclicker/img/infoBGfade.png]
[orteil.dashnet.org/cookieclicker/img/blackGradientSmallTop.png]
[orteil.dashnet.org/cookieclicker/img/upgradeFrame5e1f.png]
[orteil.dashnet.org/cookieclicker/img/upgradeSelector.png]
[orteil.dashnet.org/cookieclicker/img/pieFill.png]
[orteil.dashnet.org/cookieclicker/img/ascendSlot.png]
[orteil.dashnet.org/cookieclicker/img/linkPulse.gif]
[orteil.dashnet.org/cookieclicker/img/storeTile.jpg]
[orteil.dashnet.org/cookieclicker/img/levelUp.png]
[orteil.dashnet.org/cookieclicker/img/goldCookie.png]
[orteil.dashnet.org/cookieclicker/img/sparkles.jpg]
[orteil.dashnet.org/cookieclicker/img/featherLeft.png]
[orteil.dashnet.org/cookieclicker/img/featherRight.png]
[orteil.dashnet.org/cookieclicker/img/ascendBox.png]
[orteil.dashnet.org/cookieclicker/img/ascendInfo.png]
[orteil.dashnet.org/cookieclicker/stylec164.css]
[orteil.dashnet.org/cookieclicker/beta/img/favicon.ico]
[orteil.dashnet.org/cookieclicker/beta/base64.js]
[orteil.dashnet.org/cookieclicker/beta/stylec164.css]
[orteil.dashnet.org/cookieclicker/beta/showads.js]
[orteil.dashnet.org/cookieclicker/beta/img/discord.png]
[orteil.dashnet.org/cookieclicker/beta/img/weeHoodie.png]
[orteil.dashnet.org/cookieclicker/beta/img/patreon.png]
[orteil.dashnet.org/cookieclicker/beta/mainb6f5.js]
[orteil.dashnet.org/cookieclicker/beta/img/heraldFlag.png]
[orteil.dashnet.org/cookieclicker/beta/img/tinyglobeSheet.gif]
[orteil.dashnet.org/cookieclicker/beta/beta]
[orteil.dashnet.org/cookieclicker/beta/snd/tickOff.mp3]
[orteil.dashnet.org/cookieclicker/beta/playsaurusbanner1.png]
[orteil.dashnet.org/cookieclicker/beta/playsaurusbanner2.png]
[orteil.dashnet.org/cookieclicker/beta/playsaurusbanner3.png]
[orteil.dashnet.org/cookieclicker/beta/img/AQWorlds_CookieClicker_300x40.png]
[orteil.dashnet.org/cookieclicker/beta/index.html]
[orteil.dashnet.org/cookieclicker/v10466/favicon.ico]
[orteil.dashnet.org/cookieclicker/v10466/style26c0.css]
[orteil.dashnet.org/cookieclicker/v10466/base64.js]
[orteil.dashnet.org/cookieclicker/v10466/ajax.js]
[orteil.dashnet.org/cookieclicker/v10466/DungeonGen.js]
[orteil.dashnet.org/cookieclicker/v10466/dungeons4765.js]
[orteil.dashnet.org/cookieclicker/v10466/main1d5e.js]
[orteil.dashnet.org/cookieclicker/v10466/img/aqworldsbanner.jpg]
[orteil.dashnet.org/cookieclicker/v10466/index.html]
[orteil.dashnet.org/cookieclicker/playsaurusbanner1.html]
[orteil.dashnet.org/cookieclicker/playsaurusbanner2.html]
[orteil.dashnet.org/cookieclicker/playsaurusbanner3.html]
[orteil.dashnet.org/cookieclicker/beta/img/darkNoise.jpg]
[orteil.dashnet.org/cookieclicker/beta/img/darkNoiseTopBar.jpg]
[orteil.dashnet.org/cookieclicker/beta/img/shadedBorders.png]
[orteil.dashnet.org/cookieclicker/beta/img/spinnyBig.png]
[orteil.dashnet.org/cookieclicker/beta/img/spinnySmall.png]
[orteil.dashnet.org/cookieclicker/beta/img/tinyglobe.gif]
[orteil.dashnet.org/cookieclicker/beta/img/blackGradient.png]
[orteil.dashnet.org/cookieclicker/beta/img/shadedBordersSoft.png]
[orteil.dashnet.org/cookieclicker/beta/img/frameBorder.png]
[orteil.dashnet.org/cookieclicker/beta/img/money.png]
[orteil.dashnet.org/cookieclicker/beta/img/heavenlyMoney.png]
[orteil.dashnet.org/cookieclicker/beta/img/sugarLump.png]
[orteil.dashnet.org/cookieclicker/beta/img/empty.png]
[orteil.dashnet.org/cookieclicker/beta/img/imperfectCookie.png]
[orteil.dashnet.org/cookieclicker/beta/img/cursor.png]
[orteil.dashnet.org/cookieclicker/beta/img/smallCookies.png]
[orteil.dashnet.org/cookieclicker/beta/img/panelVertical5e1f.png]
[orteil.dashnet.org/cookieclicker/beta/img/panelGradientTop.png]
[orteil.dashnet.org/cookieclicker/beta/img/panelGradientBottom.png]
[orteil.dashnet.org/cookieclicker/beta/img/panelHorizontal5e1f.png]
[orteil.dashnet.org/cookieclicker/beta/img/panelGradientLeft.png]
[orteil.dashnet.org/cookieclicker/beta/img/panelGradientRight.png]
[orteil.dashnet.org/cookieclicker/beta/img/panelMenu3.png]
[orteil.dashnet.org/cookieclicker/beta/img/pointGlow.gif]
[orteil.dashnet.org/cookieclicker/beta/img/roundedPanelBGS.png]
[orteil.dashnet.org/cookieclicker/beta/img/bracketPanelLeftS.png]
[orteil.dashnet.org/cookieclicker/beta/img/bracketPanelRightS.png]
[orteil.dashnet.org/cookieclicker/beta/img/prestigeBar.jpg]
[orteil.dashnet.org/cookieclicker/beta/img/prestigeBarCap.png]
[orteil.dashnet.org/cookieclicker/beta/img/mapBG.jpg]
[orteil.dashnet.org/cookieclicker/beta/img/infoBG.png]
[orteil.dashnet.org/cookieclicker/beta/img/infoBGfade.png]
[orteil.dashnet.org/cookieclicker/beta/img/blackGradientSmallTop.png]
[orteil.dashnet.org/cookieclicker/beta/img/upgradeFrame5e1f.png]
[orteil.dashnet.org/cookieclicker/beta/img/upgradeSelector.png]
[orteil.dashnet.org/cookieclicker/beta/img/pieFill.png]
[orteil.dashnet.org/cookieclicker/beta/img/ascendSlot.png]
[orteil.dashnet.org/cookieclicker/beta/img/linkPulse.gif]
[orteil.dashnet.org/cookieclicker/beta/img/storeTile.jpg]
[orteil.dashnet.org/cookieclicker/beta/img/levelUp.png]
[orteil.dashnet.org/cookieclicker/beta/img/goldCookie.png]
[orteil.dashnet.org/cookieclicker/beta/img/sparkles.jpg]
[orteil.dashnet.org/cookieclicker/beta/img/featherLeft.png]
[orteil.dashnet.org/cookieclicker/beta/img/featherRight.png]
[orteil.dashnet.org/cookieclicker/beta/img/ascendBox.png]
[orteil.dashnet.org/cookieclicker/beta/img/ascendInfo.png]
[orteil.dashnet.org/cookieclicker/beta/stylec164.css]
[orteil.dashnet.org/cookieclicker/beta/beta.html]
[orteil.dashnet.org/cookieclicker/beta/playsaurusbanner1.html]
[orteil.dashnet.org/cookieclicker/beta/playsaurusbanner2.html]
[orteil.dashnet.org/cookieclicker/beta/playsaurusbanner3.html]
[orteil.dashnet.org/cookieclicker/v10466/img/darkNoise.png]
[orteil.dashnet.org/cookieclicker/v10466/img/blackGradient.png]
[orteil.dashnet.org/cookieclicker/v10466/img/money.png]
[orteil.dashnet.org/cookieclicker/v10466/img/empty.png]
[orteil.dashnet.org/cookieclicker/v10466/img/imperfectCookie.png]
[orteil.dashnet.org/cookieclicker/v10466/img/cursor.png]
[orteil.dashnet.org/cookieclicker/v10466/img/smallCookies.png]
[orteil.dashnet.org/cookieclicker/v10466/img/panelVertical.png]
[orteil.dashnet.org/cookieclicker/v10466/img/panelHorizontal.png]
[orteil.dashnet.org/cookieclicker/v10466/img/mapBG.jpg]
[orteil.dashnet.org/cookieclicker/v10466/img/control.png]
[orteil.dashnet.org/cookieclicker/v10466/img/dungeonOverlay.png]
[orteil.dashnet.org/cookieclicker/v10466/img/dungeonTiles.png]
[orteil.dashnet.org/cookieclicker/v10466/img/dungeonIcons.png]
[orteil.dashnet.org/cookieclicker/v10466/img/hpBar.png]
[orteil.dashnet.org/cookieclicker/v10466/img/hpmBar.png]
[orteil.dashnet.org/cookieclicker/v10466/img/infoBG.png]
[orteil.dashnet.org/cookieclicker/v10466/img/infoBGfade.png]
[orteil.dashnet.org/cookieclicker/v10466/img/upgradeFrame.png]
[orteil.dashnet.org/cookieclicker/v10466/img/iconse5bf.png]
[orteil.dashnet.org/cookieclicker/v10466/img/storeTile.jpg]
[orteil.dashnet.org/cookieclicker/v10466/img/goldCookie.png]
[orteil.dashnet.org/cookieclicker/v10466/img/timerBars.png]
[orteil.dashnet.org/cookieclicker/v10466/img/buttonTile.jpg]
[orteil.dashnet.org/cookieclicker/v10466/style26c0.css]
